Model: gemma-2-9b-it  expected_primary_layer=25  ids_key=validation_ids  Start: Fri 11 Sep 20:27:57 CEST 2026
[gemma-2-9b-it] loading tokenizer + model: /home/h24/baga0553/models/gemma-2-9b-it
Loading checkpoint shards:   0%|          | 0/4 [00:00<?, ?it/s]Loading checkpoint shards:  25%|██▌       | 1/4 [00:00<00:02,  1.10it/s]Loading checkpoint shards:  50%|█████     | 2/4 [00:01<00:01,  1.09it/s]Loading checkpoint shards:  75%|███████▌  | 3/4 [00:02<00:00,  1.07it/s]Loading checkpoint shards: 100%|██████████| 4/4 [00:03<00:00,  1.18it/s]Loading checkpoint shards: 100%|██████████| 4/4 [00:03<00:00,  1.14it/s]
  [gemma-2-9b-it][validation_ids] 100/720 (ok=100 fail=0)
  [gemma-2-9b-it][validation_ids] 200/720 (ok=200 fail=0)
  [gemma-2-9b-it][validation_ids] 300/720 (ok=300 fail=0)
  [gemma-2-9b-it][validation_ids] 400/720 (ok=400 fail=0)
  [gemma-2-9b-it][validation_ids] 500/720 (ok=500 fail=0)
  [gemma-2-9b-it][validation_ids] 600/720 (ok=600 fail=0)
  [gemma-2-9b-it][validation_ids] 700/720 (ok=700 fail=0)
  saved /a/slurm-login-internal-home/h24/baga0553/thesis-final/slurm/experiment2_output/gemma-2-9b-it_validation_ids_co_prefix_injection_activations.pt (72 instructions)
  saved /a/slurm-login-internal-home/h24/baga0553/thesis-final/slurm/experiment2_output/gemma-2-9b-it_validation_ids_co_refusal_suppression_activations.pt (72 instructions)
  saved /a/slurm-login-internal-home/h24/baga0553/thesis-final/slurm/experiment2_output/gemma-2-9b-it_validation_ids_co_persona_roleplay_activations.pt (72 instructions)
  saved /a/slurm-login-internal-home/h24/baga0553/thesis-final/slurm/experiment2_output/gemma-2-9b-it_validation_ids_mg_encoding_obfuscation_activations.pt (72 instructions)
  saved /a/slurm-login-internal-home/h24/baga0553/thesis-final/slurm/experiment2_output/gemma-2-9b-it_validation_ids_mg_payload_splitting_activations.pt (72 instructions)
  saved /a/slurm-login-internal-home/h24/baga0553/thesis-final/slurm/experiment2_output/gemma-2-9b-it_validation_ids_mg_distractors_negated_activations.pt (72 instructions)
  saved /a/slurm-login-internal-home/h24/baga0553/thesis-final/slurm/experiment2_output/gemma-2-9b-it_validation_ids_context_persona_activations.pt (72 instructions)
  saved /a/slurm-login-internal-home/h24/baga0553/thesis-final/slurm/experiment2_output/gemma-2-9b-it_validation_ids_context_authority_activations.pt (72 instructions)
  saved /a/slurm-login-internal-home/h24/baga0553/thesis-final/slurm/experiment2_output/gemma-2-9b-it_validation_ids_context_fictional_activations.pt (72 instructions)
  saved /a/slurm-login-internal-home/h24/baga0553/thesis-final/slurm/experiment2_output/gemma-2-9b-it_validation_ids_neutral_activations.pt (72 instructions)
{
  "result_status": "EXPERIMENT2_EXTRACTION_DONE",
  "model_alias": "gemma-2-9b-it",
  "ids_key": "validation_ids",
  "n_rows": 720,
  "n_ok": 720,
  "n_fail": 0,
  "manifest_path": "/a/slurm-login-internal-home/h24/baga0553/thesis-final/slurm/experiment2_output/gemma-2-9b-it_validation_ids_experiment2_manifest.jsonl",
  "output_dir": "/a/slurm-login-internal-home/h24/baga0553/thesis-final/slurm/experiment2_output"
}
Done: Fri 11 Sep 20:28:38 CEST 2026
