Model: gemma-2-9b-it  batch_size=16  wg_batch_size=64  Start: Fri 11 Sep 21:26:01 CEST 2026
Loading model: /home/h24/baga0553/models/gemma-2-9b-it
Loading checkpoint shards:   0%|          | 0/4 [00:00<?, ?it/s]Loading checkpoint shards:  25%|██▌       | 1/4 [00:08<00:26,  8.68s/it]Loading checkpoint shards:  50%|█████     | 2/4 [00:17<00:17,  8.76s/it]Loading checkpoint shards:  75%|███████▌  | 3/4 [00:26<00:08,  8.94s/it]Loading checkpoint shards: 100%|██████████| 4/4 [00:33<00:00,  8.01s/it]Loading checkpoint shards: 100%|██████████| 4/4 [00:33<00:00,  8.31s/it]
  generated 16/720
  generated 32/720
  generated 48/720
  generated 64/720
  generated 80/720
  generated 96/720
  generated 112/720
  generated 128/720
  generated 144/720
  generated 160/720
  generated 176/720
  generated 192/720
  generated 208/720
  generated 224/720
  generated 240/720
  generated 256/720
  generated 272/720
  generated 288/720
  generated 304/720
  generated 320/720
  generated 336/720
  generated 352/720
  generated 368/720
  generated 384/720
  generated 400/720
  generated 416/720
  generated 432/720
  generated 448/720
  generated 464/720
  generated 480/720
  generated 496/720
  generated 512/720
  generated 528/720
  generated 544/720
  generated 560/720
  generated 576/720
  generated 592/720
  generated 608/720
  generated 624/720
  generated 640/720
  generated 656/720
  generated 672/720
  generated 688/720
  generated 704/720
  generated 720/720
Loading WildGuard...
Loading checkpoint shards:   0%|          | 0/2 [00:00<?, ?it/s]Loading checkpoint shards:  50%|█████     | 1/2 [00:18<00:18, 18.23s/it]Loading checkpoint shards: 100%|██████████| 2/2 [00:26<00:00, 12.28s/it]Loading checkpoint shards: 100%|██████████| 2/2 [00:26<00:00, 13.17s/it]
  judged 64/720
  judged 128/720
  judged 192/720
  judged 256/720
  judged 320/720
  judged 384/720
  judged 448/720
  judged 512/720
  judged 576/720
  judged 640/720
  judged 704/720
  judged 720/720
{
  "result_status": "FORMAL_BEHAVIORAL_DONE",
  "model_alias": "gemma-2-9b-it",
  "n_generation_records": 720,
  "n_judge_records": 720,
  "generation_path": "/a/slurm-login-internal-home/h24/baga0553/thesis-final/slurm/formal_behavioral_output/gemma-2-9b-it_generation_records.jsonl",
  "judge_path": "/a/slurm-login-internal-home/h24/baga0553/thesis-final/slurm/formal_behavioral_output/gemma-2-9b-it_judge_records.jsonl",
  "note": "Real Experiment 2 behavioral records (Sec 7) -- report per model, never silently averaged across models (Sec 6.1/7)."
}
Done: Fri 11 Sep 21:38:24 CEST 2026
