Model: gemma-2-9b-it  ids_key=validation_ids  batch_size=4  Start: Mon 14 Sep 15:44:45 CEST 2026
[gemma-2-9b-it] loading tokenizer + model: /home/h24/baga0553/models/gemma-2-9b-it
Loading checkpoint shards:   0%|          | 0/4 [00:00<?, ?it/s]Loading checkpoint shards:  25%|██▌       | 1/4 [00:09<00:28,  9.60s/it]Loading checkpoint shards:  50%|█████     | 2/4 [00:19<00:19,  9.54s/it]Loading checkpoint shards:  75%|███████▌  | 3/4 [00:28<00:09,  9.29s/it]Loading checkpoint shards: 100%|██████████| 4/4 [00:35<00:00,  8.41s/it]Loading checkpoint shards: 100%|██████████| 4/4 [00:35<00:00,  8.79s/it]
[gemma-2-9b-it] single-turn conditions: 504 rows
  generating real responses for 504 single rows (batched)
    generated 4/504
    generated 8/504
    generated 12/504
    generated 16/504
    generated 20/504
    generated 24/504
    generated 28/504
    generated 32/504
    generated 36/504
    generated 40/504
    generated 44/504
    generated 48/504
    generated 52/504
    generated 56/504
    generated 60/504
    generated 64/504
    generated 68/504
    generated 72/504
    generated 76/504
    generated 80/504
    generated 84/504
    generated 88/504
    generated 92/504
    generated 96/504
    generated 100/504
    generated 104/504
    generated 108/504
    generated 112/504
    generated 116/504
    generated 120/504
    generated 124/504
    generated 128/504
    generated 132/504
    generated 136/504
    generated 140/504
    generated 144/504
    generated 148/504
    generated 152/504
    generated 156/504
    generated 160/504
    generated 164/504
    generated 168/504
    generated 172/504
    generated 176/504
    generated 180/504
    generated 184/504
    generated 188/504
    generated 192/504
    generated 196/504
    generated 200/504
    generated 204/504
    generated 208/504
    generated 212/504
    generated 216/504
    generated 220/504
    generated 224/504
    generated 228/504
    generated 232/504
    generated 236/504
    generated 240/504
    generated 244/504
    generated 248/504
    generated 252/504
    generated 256/504
    generated 260/504
    generated 264/504
    generated 268/504
    generated 272/504
    generated 276/504
    generated 280/504
    generated 284/504
    generated 288/504
    generated 292/504
    generated 296/504
    generated 300/504
    generated 304/504
    generated 308/504
    generated 312/504
    generated 316/504
    generated 320/504
    generated 324/504
    generated 328/504
    generated 332/504
    generated 336/504
    generated 340/504
    generated 344/504
    generated 348/504
    generated 352/504
    generated 356/504
    generated 360/504
    generated 364/504
    generated 368/504
    generated 372/504
    generated 376/504
    generated 380/504
    generated 384/504
    generated 388/504
    generated 392/504
    generated 396/504
    generated 400/504
    generated 404/504
    generated 408/504
    generated 412/504
    generated 416/504
    generated 420/504
    generated 424/504
    generated 428/504
    generated 432/504
    generated 436/504
    generated 440/504
    generated 444/504
    generated 448/504
    generated 452/504
    generated 456/504
    generated 460/504
    generated 464/504
    generated 468/504
    generated 472/504
    generated 476/504
    generated 480/504
    generated 484/504
    generated 488/504
    generated 492/504
    generated 496/504
    generated 500/504
    generated 504/504
[gemma-2-9b-it] multi_neutral conditions: 504 rows x 6 stages
  stage 1: appending user turn + extracting boundary
  stage 1: generating real responses (504 rows)
    generated 4/504
    generated 8/504
    generated 12/504
    generated 16/504
    generated 20/504
    generated 24/504
    generated 28/504
    generated 32/504
    generated 36/504
    generated 40/504
    generated 44/504
    generated 48/504
    generated 52/504
    generated 56/504
    generated 60/504
    generated 64/504
    generated 68/504
    generated 72/504
    generated 76/504
    generated 80/504
    generated 84/504
    generated 88/504
    generated 92/504
    generated 96/504
    generated 100/504
    generated 104/504
    generated 108/504
    generated 112/504
    generated 116/504
    generated 120/504
    generated 124/504
    generated 128/504
    generated 132/504
    generated 136/504
    generated 140/504
    generated 144/504
    generated 148/504
    generated 152/504
    generated 156/504
    generated 160/504
    generated 164/504
    generated 168/504
    generated 172/504
    generated 176/504
    generated 180/504
    generated 184/504
    generated 188/504
    generated 192/504
    generated 196/504
    generated 200/504
    generated 204/504
    generated 208/504
    generated 212/504
    generated 216/504
    generated 220/504
    generated 224/504
    generated 228/504
    generated 232/504
    generated 236/504
    generated 240/504
    generated 244/504
    generated 248/504
    generated 252/504
    generated 256/504
    generated 260/504
    generated 264/504
    generated 268/504
    generated 272/504
    generated 276/504
    generated 280/504
    generated 284/504
    generated 288/504
    generated 292/504
    generated 296/504
    generated 300/504
    generated 304/504
    generated 308/504
    generated 312/504
    generated 316/504
    generated 320/504
    generated 324/504
    generated 328/504
    generated 332/504
    generated 336/504
    generated 340/504
    generated 344/504
    generated 348/504
    generated 352/504
    generated 356/504
    generated 360/504
    generated 364/504
    generated 368/504
    generated 372/504
    generated 376/504
    generated 380/504
    generated 384/504
    generated 388/504
    generated 392/504
    generated 396/504
    generated 400/504
    generated 404/504
    generated 408/504
    generated 412/504
    generated 416/504
    generated 420/504
    generated 424/504
    generated 428/504
    generated 432/504
    generated 436/504
    generated 440/504
    generated 444/504
    generated 448/504
    generated 452/504
    generated 456/504
    generated 460/504
    generated 464/504
    generated 468/504
    generated 472/504
    generated 476/504
    generated 480/504
    generated 484/504
    generated 488/504
    generated 492/504
    generated 496/504
    generated 500/504
    generated 504/504
  stage 2: appending user turn + extracting boundary
  stage 2: generating real responses (504 rows)
    generated 4/504
    generated 8/504
    generated 12/504
    generated 16/504
    generated 20/504
    generated 24/504
    generated 28/504
    generated 32/504
    generated 36/504
    generated 40/504
    generated 44/504
    generated 48/504
    generated 52/504
    generated 56/504
    generated 60/504
    generated 64/504
    generated 68/504
    generated 72/504
    generated 76/504
    generated 80/504
    generated 84/504
    generated 88/504
    generated 92/504
    generated 96/504
    generated 100/504
    generated 104/504
    generated 108/504
    generated 112/504
    generated 116/504
    generated 120/504
    generated 124/504
    generated 128/504
    generated 132/504
    generated 136/504
    generated 140/504
    generated 144/504
    generated 148/504
    generated 152/504
    generated 156/504
    generated 160/504
    generated 164/504
    generated 168/504
    generated 172/504
    generated 176/504
    generated 180/504
    generated 184/504
    generated 188/504
    generated 192/504
    generated 196/504
    generated 200/504
    generated 204/504
    generated 208/504
    generated 212/504
    generated 216/504
    generated 220/504
    generated 224/504
    generated 228/504
    generated 232/504
    generated 236/504
    generated 240/504
    generated 244/504
    generated 248/504
    generated 252/504
    generated 256/504
    generated 260/504
    generated 264/504
    generated 268/504
    generated 272/504
    generated 276/504
    generated 280/504
    generated 284/504
    generated 288/504
    generated 292/504
    generated 296/504
    generated 300/504
    generated 304/504
    generated 308/504
    generated 312/504
    generated 316/504
    generated 320/504
    generated 324/504
    generated 328/504
    generated 332/504
    generated 336/504
    generated 340/504
    generated 344/504
    generated 348/504
    generated 352/504
    generated 356/504
    generated 360/504
    generated 364/504
    generated 368/504
    generated 372/504
    generated 376/504
    generated 380/504
    generated 384/504
    generated 388/504
    generated 392/504
    generated 396/504
    generated 400/504
    generated 404/504
    generated 408/504
    generated 412/504
    generated 416/504
    generated 420/504
    generated 424/504
    generated 428/504
    generated 432/504
    generated 436/504
    generated 440/504
    generated 444/504
    generated 448/504
    generated 452/504
    generated 456/504
    generated 460/504
    generated 464/504
    generated 468/504
    generated 472/504
    generated 476/504
    generated 480/504
    generated 484/504
    generated 488/504
    generated 492/504
    generated 496/504
    generated 500/504
    generated 504/504
  stage 3: appending user turn + extracting boundary
  stage 3: generating real responses (504 rows)
    generated 4/504
    generated 8/504
    generated 12/504
    generated 16/504
    generated 20/504
    generated 24/504
    generated 28/504
    generated 32/504
    generated 36/504
    generated 40/504
    generated 44/504
    generated 48/504
    generated 52/504
    generated 56/504
    generated 60/504
    generated 64/504
    generated 68/504
    generated 72/504
    generated 76/504
    generated 80/504
    generated 84/504
    generated 88/504
    generated 92/504
    generated 96/504
    generated 100/504
    generated 104/504
    generated 108/504
    generated 112/504
    generated 116/504
    generated 120/504
    generated 124/504
    generated 128/504
    generated 132/504
    generated 136/504
    generated 140/504
    generated 144/504
    generated 148/504
    generated 152/504
    generated 156/504
    generated 160/504
    generated 164/504
    generated 168/504
    generated 172/504
    generated 176/504
    generated 180/504
    generated 184/504
    generated 188/504
    generated 192/504
    generated 196/504
    generated 200/504
    generated 204/504
    generated 208/504
    generated 212/504
    generated 216/504
    generated 220/504
    generated 224/504
    generated 228/504
    generated 232/504
    generated 236/504
    generated 240/504
    generated 244/504
    generated 248/504
    generated 252/504
    generated 256/504
    generated 260/504
    generated 264/504
    generated 268/504
    generated 272/504
    generated 276/504
    generated 280/504
    generated 284/504
    generated 288/504
    generated 292/504
    generated 296/504
    generated 300/504
    generated 304/504
    generated 308/504
    generated 312/504
    generated 316/504
    generated 320/504
    generated 324/504
    generated 328/504
    generated 332/504
    generated 336/504
    generated 340/504
    generated 344/504
    generated 348/504
    generated 352/504
    generated 356/504
    generated 360/504
    generated 364/504
    generated 368/504
    generated 372/504
    generated 376/504
    generated 380/504
    generated 384/504
    generated 388/504
    generated 392/504
    generated 396/504
    generated 400/504
    generated 404/504
    generated 408/504
    generated 412/504
    generated 416/504
    generated 420/504
    generated 424/504
    generated 428/504
    generated 432/504
    generated 436/504
    generated 440/504
    generated 444/504
    generated 448/504
    generated 452/504
    generated 456/504
    generated 460/504
    generated 464/504
    generated 468/504
    generated 472/504
    generated 476/504
    generated 480/504
    generated 484/504
    generated 488/504
    generated 492/504
    generated 496/504
    generated 500/504
    generated 504/504
  stage 4: appending user turn + extracting boundary
  stage 4: generating real responses (504 rows)
    generated 4/504
    generated 8/504
    generated 12/504
    generated 16/504
    generated 20/504
    generated 24/504
    generated 28/504
    generated 32/504
    generated 36/504
    generated 40/504
    generated 44/504
    generated 48/504
    generated 52/504
    generated 56/504
    generated 60/504
    generated 64/504
    generated 68/504
    generated 72/504
    generated 76/504
    generated 80/504
    generated 84/504
    generated 88/504
    generated 92/504
    generated 96/504
    generated 100/504
    generated 104/504
    generated 108/504
    generated 112/504
    generated 116/504
    generated 120/504
    generated 124/504
    generated 128/504
    generated 132/504
    generated 136/504
    generated 140/504
    generated 144/504
    generated 148/504
    generated 152/504
    generated 156/504
    generated 160/504
    generated 164/504
    generated 168/504
    generated 172/504
    generated 176/504
    generated 180/504
    generated 184/504
    generated 188/504
    generated 192/504
    generated 196/504
    generated 200/504
    generated 204/504
    generated 208/504
    generated 212/504
    generated 216/504
    generated 220/504
    generated 224/504
    generated 228/504
    generated 232/504
    generated 236/504
    generated 240/504
    generated 244/504
    generated 248/504
    generated 252/504
    generated 256/504
    generated 260/504
    generated 264/504
    generated 268/504
    generated 272/504
    generated 276/504
    generated 280/504
    generated 284/504
    generated 288/504
    generated 292/504
    generated 296/504
    generated 300/504
    generated 304/504
    generated 308/504
    generated 312/504
    generated 316/504
    generated 320/504
    generated 324/504
    generated 328/504
    generated 332/504
    generated 336/504
    generated 340/504
    generated 344/504
    generated 348/504
    generated 352/504
    generated 356/504
    generated 360/504
    generated 364/504
    generated 368/504
    generated 372/504
    generated 376/504
    generated 380/504
    generated 384/504
    generated 388/504
    generated 392/504
    generated 396/504
    generated 400/504
    generated 404/504
    generated 408/504
    generated 412/504
    generated 416/504
    generated 420/504
    generated 424/504
    generated 428/504
    generated 432/504
    generated 436/504
    generated 440/504
    generated 444/504
    generated 448/504
    generated 452/504
    generated 456/504
    generated 460/504
    generated 464/504
    generated 468/504
    generated 472/504
    generated 476/504
    generated 480/504
    generated 484/504
    generated 488/504
    generated 492/504
    generated 496/504
    generated 500/504
    generated 504/504
  stage 5: appending user turn + extracting boundary
  stage 5: generating real responses (504 rows)
    generated 4/504
    generated 8/504
    generated 12/504
    generated 16/504
    generated 20/504
    generated 24/504
    generated 28/504
    generated 32/504
    generated 36/504
    generated 40/504
    generated 44/504
    generated 48/504
    generated 52/504
    generated 56/504
    generated 60/504
    generated 64/504
    generated 68/504
    generated 72/504
    generated 76/504
    generated 80/504
    generated 84/504
    generated 88/504
    generated 92/504
    generated 96/504
    generated 100/504
    generated 104/504
    generated 108/504
    generated 112/504
    generated 116/504
    generated 120/504
    generated 124/504
    generated 128/504
    generated 132/504
    generated 136/504
    generated 140/504
    generated 144/504
    generated 148/504
    generated 152/504
    generated 156/504
    generated 160/504
    generated 164/504
    generated 168/504
    generated 172/504
    generated 176/504
    generated 180/504
    generated 184/504
    generated 188/504
    generated 192/504
    generated 196/504
    generated 200/504
    generated 204/504
    generated 208/504
    generated 212/504
    generated 216/504
    generated 220/504
    generated 224/504
    generated 228/504
    generated 232/504
    generated 236/504
    generated 240/504
    generated 244/504
    generated 248/504
    generated 252/504
    generated 256/504
    generated 260/504
    generated 264/504
    generated 268/504
    generated 272/504
    generated 276/504
    generated 280/504
    generated 284/504
    generated 288/504
    generated 292/504
    generated 296/504
    generated 300/504
    generated 304/504
    generated 308/504
    generated 312/504
    generated 316/504
    generated 320/504
    generated 324/504
    generated 328/504
    generated 332/504
    generated 336/504
    generated 340/504
    generated 344/504
    generated 348/504
    generated 352/504
    generated 356/504
    generated 360/504
    generated 364/504
    generated 368/504
    generated 372/504
    generated 376/504
    generated 380/504
    generated 384/504
    generated 388/504
    generated 392/504
    generated 396/504
    generated 400/504
    generated 404/504
    generated 408/504
    generated 412/504
    generated 416/504
    generated 420/504
    generated 424/504
    generated 428/504
    generated 432/504
    generated 436/504
    generated 440/504
    generated 444/504
    generated 448/504
    generated 452/504
    generated 456/504
    generated 460/504
    generated 464/504
    generated 468/504
    generated 472/504
    generated 476/504
    generated 480/504
    generated 484/504
    generated 488/504
    generated 492/504
    generated 496/504
    generated 500/504
    generated 504/504
  stage 6: appending user turn + extracting boundary
  stage 6: generating real responses (504 rows)
    generated 4/504
    generated 8/504
    generated 12/504
    generated 16/504
    generated 20/504
    generated 24/504
    generated 28/504
    generated 32/504
    generated 36/504
    generated 40/504
    generated 44/504
    generated 48/504
    generated 52/504
    generated 56/504
    generated 60/504
    generated 64/504
    generated 68/504
    generated 72/504
    generated 76/504
    generated 80/504
    generated 84/504
    generated 88/504
    generated 92/504
    generated 96/504
    generated 100/504
    generated 104/504
    generated 108/504
    generated 112/504
    generated 116/504
    generated 120/504
    generated 124/504
    generated 128/504
    generated 132/504
    generated 136/504
    generated 140/504
    generated 144/504
    generated 148/504
    generated 152/504
    generated 156/504
    generated 160/504
    generated 164/504
    generated 168/504
    generated 172/504
    generated 176/504
    generated 180/504
    generated 184/504
    generated 188/504
    generated 192/504
    generated 196/504
    generated 200/504
    generated 204/504
    generated 208/504
    generated 212/504
    generated 216/504
    generated 220/504
    generated 224/504
    generated 228/504
    generated 232/504
    generated 236/504
    generated 240/504
    generated 244/504
    generated 248/504
    generated 252/504
    generated 256/504
    generated 260/504
    generated 264/504
    generated 268/504
    generated 272/504
    generated 276/504
    generated 280/504
    generated 284/504
    generated 288/504
    generated 292/504
    generated 296/504
    generated 300/504
    generated 304/504
    generated 308/504
    generated 312/504
    generated 316/504
    generated 320/504
    generated 324/504
    generated 328/504
    generated 332/504
    generated 336/504
    generated 340/504
    generated 344/504
    generated 348/504
    generated 352/504
    generated 356/504
    generated 360/504
    generated 364/504
    generated 368/504
    generated 372/504
    generated 376/504
    generated 380/504
    generated 384/504
    generated 388/504
    generated 392/504
    generated 396/504
    generated 400/504
    generated 404/504
    generated 408/504
    generated 412/504
    generated 416/504
    generated 420/504
    generated 424/504
    generated 428/504
    generated 432/504
    generated 436/504
    generated 440/504
    generated 444/504
    generated 448/504
    generated 452/504
    generated 456/504
    generated 460/504
    generated 464/504
    generated 468/504
    generated 472/504
    generated 476/504
    generated 480/504
    generated 484/504
    generated 488/504
    generated 492/504
    generated 496/504
    generated 500/504
    generated 504/504
[gemma-2-9b-it] multi_progressive conditions: 504 rows x 6 stages
  stage 1: appending user turn + extracting boundary
  stage 1: generating real responses (504 rows)
    generated 4/504
    generated 8/504
    generated 12/504
    generated 16/504
    generated 20/504
    generated 24/504
    generated 28/504
    generated 32/504
    generated 36/504
    generated 40/504
    generated 44/504
    generated 48/504
    generated 52/504
    generated 56/504
    generated 60/504
    generated 64/504
    generated 68/504
    generated 72/504
    generated 76/504
    generated 80/504
    generated 84/504
    generated 88/504
    generated 92/504
    generated 96/504
    generated 100/504
    generated 104/504
    generated 108/504
    generated 112/504
    generated 116/504
    generated 120/504
    generated 124/504
    generated 128/504
    generated 132/504
    generated 136/504
    generated 140/504
    generated 144/504
    generated 148/504
    generated 152/504
    generated 156/504
    generated 160/504
    generated 164/504
    generated 168/504
    generated 172/504
    generated 176/504
    generated 180/504
    generated 184/504
    generated 188/504
    generated 192/504
    generated 196/504
    generated 200/504
    generated 204/504
    generated 208/504
    generated 212/504
    generated 216/504
    generated 220/504
    generated 224/504
    generated 228/504
    generated 232/504
    generated 236/504
    generated 240/504
    generated 244/504
    generated 248/504
    generated 252/504
    generated 256/504
    generated 260/504
    generated 264/504
    generated 268/504
    generated 272/504
    generated 276/504
    generated 280/504
    generated 284/504
    generated 288/504
    generated 292/504
    generated 296/504
    generated 300/504
    generated 304/504
    generated 308/504
    generated 312/504
    generated 316/504
    generated 320/504
    generated 324/504
    generated 328/504
    generated 332/504
    generated 336/504
    generated 340/504
    generated 344/504
    generated 348/504
    generated 352/504
    generated 356/504
    generated 360/504
    generated 364/504
    generated 368/504
    generated 372/504
    generated 376/504
    generated 380/504
    generated 384/504
    generated 388/504
    generated 392/504
    generated 396/504
    generated 400/504
    generated 404/504
    generated 408/504
    generated 412/504
    generated 416/504
    generated 420/504
    generated 424/504
    generated 428/504
    generated 432/504
    generated 436/504
    generated 440/504
    generated 444/504
    generated 448/504
    generated 452/504
    generated 456/504
    generated 460/504
    generated 464/504
    generated 468/504
    generated 472/504
    generated 476/504
    generated 480/504
    generated 484/504
    generated 488/504
    generated 492/504
    generated 496/504
    generated 500/504
    generated 504/504
  stage 2: appending user turn + extracting boundary
  stage 2: generating real responses (504 rows)
    generated 4/504
    generated 8/504
    generated 12/504
    generated 16/504
    generated 20/504
    generated 24/504
    generated 28/504
    generated 32/504
    generated 36/504
    generated 40/504
    generated 44/504
    generated 48/504
    generated 52/504
    generated 56/504
    generated 60/504
    generated 64/504
    generated 68/504
    generated 72/504
    generated 76/504
    generated 80/504
    generated 84/504
    generated 88/504
    generated 92/504
    generated 96/504
    generated 100/504
    generated 104/504
    generated 108/504
    generated 112/504
    generated 116/504
    generated 120/504
    generated 124/504
    generated 128/504
    generated 132/504
    generated 136/504
    generated 140/504
    generated 144/504
    generated 148/504
    generated 152/504
    generated 156/504
    generated 160/504
    generated 164/504
    generated 168/504
    generated 172/504
    generated 176/504
    generated 180/504
    generated 184/504
    generated 188/504
    generated 192/504
    generated 196/504
    generated 200/504
    generated 204/504
    generated 208/504
    generated 212/504
    generated 216/504
    generated 220/504
    generated 224/504
    generated 228/504
    generated 232/504
    generated 236/504
    generated 240/504
    generated 244/504
    generated 248/504
    generated 252/504
    generated 256/504
    generated 260/504
    generated 264/504
    generated 268/504
    generated 272/504
    generated 276/504
    generated 280/504
    generated 284/504
    generated 288/504
    generated 292/504
    generated 296/504
    generated 300/504
    generated 304/504
    generated 308/504
    generated 312/504
    generated 316/504
    generated 320/504
    generated 324/504
    generated 328/504
    generated 332/504
    generated 336/504
    generated 340/504
    generated 344/504
    generated 348/504
    generated 352/504
    generated 356/504
    generated 360/504
    generated 364/504
    generated 368/504
    generated 372/504
    generated 376/504
    generated 380/504
    generated 384/504
    generated 388/504
    generated 392/504
    generated 396/504
    generated 400/504
    generated 404/504
    generated 408/504
    generated 412/504
    generated 416/504
    generated 420/504
    generated 424/504
    generated 428/504
    generated 432/504
    generated 436/504
    generated 440/504
    generated 444/504
    generated 448/504
    generated 452/504
    generated 456/504
    generated 460/504
    generated 464/504
    generated 468/504
    generated 472/504
    generated 476/504
    generated 480/504
    generated 484/504
    generated 488/504
    generated 492/504
    generated 496/504
    generated 500/504
    generated 504/504
  stage 3: appending user turn + extracting boundary
  stage 3: generating real responses (504 rows)
    generated 4/504
    generated 8/504
    generated 12/504
    generated 16/504
    generated 20/504
    generated 24/504
    generated 28/504
    generated 32/504
    generated 36/504
    generated 40/504
    generated 44/504
    generated 48/504
    generated 52/504
    generated 56/504
    generated 60/504
    generated 64/504
    generated 68/504
    generated 72/504
    generated 76/504
    generated 80/504
    generated 84/504
    generated 88/504
    generated 92/504
    generated 96/504
    generated 100/504
    generated 104/504
    generated 108/504
    generated 112/504
    generated 116/504
    generated 120/504
    generated 124/504
    generated 128/504
    generated 132/504
    generated 136/504
    generated 140/504
    generated 144/504
    generated 148/504
    generated 152/504
    generated 156/504
    generated 160/504
    generated 164/504
    generated 168/504
    generated 172/504
    generated 176/504
    generated 180/504
    generated 184/504
    generated 188/504
    generated 192/504
    generated 196/504
    generated 200/504
    generated 204/504
    generated 208/504
    generated 212/504
    generated 216/504
    generated 220/504
    generated 224/504
    generated 228/504
    generated 232/504
    generated 236/504
    generated 240/504
    generated 244/504
    generated 248/504
    generated 252/504
    generated 256/504
    generated 260/504
    generated 264/504
    generated 268/504
    generated 272/504
    generated 276/504
    generated 280/504
    generated 284/504
    generated 288/504
    generated 292/504
    generated 296/504
    generated 300/504
    generated 304/504
    generated 308/504
    generated 312/504
    generated 316/504
    generated 320/504
    generated 324/504
    generated 328/504
    generated 332/504
    generated 336/504
    generated 340/504
    generated 344/504
    generated 348/504
    generated 352/504
    generated 356/504
    generated 360/504
    generated 364/504
    generated 368/504
    generated 372/504
    generated 376/504
    generated 380/504
    generated 384/504
    generated 388/504
    generated 392/504
    generated 396/504
    generated 400/504
    generated 404/504
    generated 408/504
    generated 412/504
    generated 416/504
    generated 420/504
    generated 424/504
    generated 428/504
    generated 432/504
    generated 436/504
    generated 440/504
    generated 444/504
    generated 448/504
    generated 452/504
    generated 456/504
    generated 460/504
    generated 464/504
    generated 468/504
    generated 472/504
    generated 476/504
    generated 480/504
    generated 484/504
    generated 488/504
    generated 492/504
    generated 496/504
    generated 500/504
    generated 504/504
  stage 4: appending user turn + extracting boundary
  stage 4: generating real responses (504 rows)
    generated 4/504
    generated 8/504
    generated 12/504
    generated 16/504
    generated 20/504
    generated 24/504
    generated 28/504
    generated 32/504
    generated 36/504
    generated 40/504
    generated 44/504
    generated 48/504
    generated 52/504
    generated 56/504
    generated 60/504
    generated 64/504
    generated 68/504
    generated 72/504
    generated 76/504
    generated 80/504
    generated 84/504
    generated 88/504
    generated 92/504
    generated 96/504
    generated 100/504
    generated 104/504
    generated 108/504
    generated 112/504
    generated 116/504
    generated 120/504
    generated 124/504
    generated 128/504
    generated 132/504
    generated 136/504
    generated 140/504
    generated 144/504
    generated 148/504
    generated 152/504
    generated 156/504
    generated 160/504
    generated 164/504
    generated 168/504
    generated 172/504
    generated 176/504
    generated 180/504
    generated 184/504
    generated 188/504
    generated 192/504
    generated 196/504
    generated 200/504
    generated 204/504
    generated 208/504
    generated 212/504
    generated 216/504
    generated 220/504
    generated 224/504
    generated 228/504
    generated 232/504
    generated 236/504
    generated 240/504
    generated 244/504
    generated 248/504
    generated 252/504
    generated 256/504
    generated 260/504
    generated 264/504
    generated 268/504
    generated 272/504
    generated 276/504
    generated 280/504
    generated 284/504
    generated 288/504
    generated 292/504
    generated 296/504
    generated 300/504
    generated 304/504
    generated 308/504
    generated 312/504
    generated 316/504
    generated 320/504
    generated 324/504
    generated 328/504
    generated 332/504
    generated 336/504
    generated 340/504
    generated 344/504
    generated 348/504
    generated 352/504
    generated 356/504
    generated 360/504
    generated 364/504
    generated 368/504
    generated 372/504
    generated 376/504
    generated 380/504
    generated 384/504
    generated 388/504
    generated 392/504
    generated 396/504
    generated 400/504
    generated 404/504
    generated 408/504
    generated 412/504
    generated 416/504
    generated 420/504
    generated 424/504
    generated 428/504
    generated 432/504
    generated 436/504
    generated 440/504
    generated 444/504
    generated 448/504
    generated 452/504
    generated 456/504
    generated 460/504
    generated 464/504
    generated 468/504
    generated 472/504
    generated 476/504
    generated 480/504
    generated 484/504
    generated 488/504
    generated 492/504
    generated 496/504
    generated 500/504
    generated 504/504
  stage 5: appending user turn + extracting boundary
  stage 5: generating real responses (504 rows)
    generated 4/504
    generated 8/504
    generated 12/504
    generated 16/504
    generated 20/504
    generated 24/504
    generated 28/504
    generated 32/504
    generated 36/504
    generated 40/504
    generated 44/504
    generated 48/504
    generated 52/504
    generated 56/504
    generated 60/504
    generated 64/504
    generated 68/504
    generated 72/504
    generated 76/504
    generated 80/504
    generated 84/504
    generated 88/504
    generated 92/504
    generated 96/504
    generated 100/504
    generated 104/504
    generated 108/504
    generated 112/504
    generated 116/504
    generated 120/504
    generated 124/504
    generated 128/504
    generated 132/504
    generated 136/504
    generated 140/504
    generated 144/504
    generated 148/504
    generated 152/504
    generated 156/504
    generated 160/504
    generated 164/504
    generated 168/504
    generated 172/504
    generated 176/504
    generated 180/504
    generated 184/504
    generated 188/504
    generated 192/504
    generated 196/504
    generated 200/504
    generated 204/504
    generated 208/504
    generated 212/504
    generated 216/504
    generated 220/504
    generated 224/504
    generated 228/504
    generated 232/504
    generated 236/504
    generated 240/504
    generated 244/504
    generated 248/504
    generated 252/504
    generated 256/504
    generated 260/504
    generated 264/504
    generated 268/504
    generated 272/504
    generated 276/504
    generated 280/504
    generated 284/504
    generated 288/504
    generated 292/504
    generated 296/504
    generated 300/504
    generated 304/504
    generated 308/504
    generated 312/504
    generated 316/504
    generated 320/504
    generated 324/504
    generated 328/504
    generated 332/504
    generated 336/504
    generated 340/504
    generated 344/504
    generated 348/504
    generated 352/504
    generated 356/504
    generated 360/504
    generated 364/504
    generated 368/504
    generated 372/504
    generated 376/504
    generated 380/504
    generated 384/504
    generated 388/504
    generated 392/504
    generated 396/504
    generated 400/504
    generated 404/504
    generated 408/504
    generated 412/504
    generated 416/504
    generated 420/504
    generated 424/504
    generated 428/504
    generated 432/504
    generated 436/504
    generated 440/504
    generated 444/504
    generated 448/504
    generated 452/504
    generated 456/504
    generated 460/504
    generated 464/504
    generated 468/504
    generated 472/504
    generated 476/504
    generated 480/504
    generated 484/504
    generated 488/504
    generated 492/504
    generated 496/504
    generated 500/504
    generated 504/504
  stage 6: appending user turn + extracting boundary
  stage 6: generating real responses (504 rows)
    generated 4/504
    generated 8/504
    generated 12/504
    generated 16/504
    generated 20/504
    generated 24/504
    generated 28/504
    generated 32/504
    generated 36/504
    generated 40/504
    generated 44/504
    generated 48/504
    generated 52/504
    generated 56/504
    generated 60/504
    generated 64/504
    generated 68/504
    generated 72/504
    generated 76/504
    generated 80/504
    generated 84/504
    generated 88/504
    generated 92/504
    generated 96/504
    generated 100/504
    generated 104/504
    generated 108/504
    generated 112/504
    generated 116/504
    generated 120/504
    generated 124/504
    generated 128/504
    generated 132/504
    generated 136/504
    generated 140/504
    generated 144/504
    generated 148/504
    generated 152/504
    generated 156/504
    generated 160/504
    generated 164/504
    generated 168/504
    generated 172/504
    generated 176/504
    generated 180/504
    generated 184/504
    generated 188/504
    generated 192/504
    generated 196/504
    generated 200/504
    generated 204/504
    generated 208/504
    generated 212/504
    generated 216/504
    generated 220/504
    generated 224/504
    generated 228/504
    generated 232/504
    generated 236/504
    generated 240/504
    generated 244/504
    generated 248/504
    generated 252/504
    generated 256/504
    generated 260/504
    generated 264/504
    generated 268/504
    generated 272/504
    generated 276/504
    generated 280/504
    generated 284/504
    generated 288/504
    generated 292/504
    generated 296/504
    generated 300/504
    generated 304/504
    generated 308/504
    generated 312/504
    generated 316/504
    generated 320/504
    generated 324/504
    generated 328/504
    generated 332/504
    generated 336/504
    generated 340/504
    generated 344/504
    generated 348/504
    generated 352/504
    generated 356/504
    generated 360/504
    generated 364/504
    generated 368/504
    generated 372/504
    generated 376/504
    generated 380/504
    generated 384/504
    generated 388/504
    generated 392/504
    generated 396/504
    generated 400/504
    generated 404/504
    generated 408/504
    generated 412/504
    generated 416/504
    generated 420/504
    generated 424/504
    generated 428/504
    generated 432/504
    generated 436/504
    generated 440/504
    generated 444/504
    generated 448/504
    generated 452/504
    generated 456/504
    generated 460/504
    generated 464/504
    generated 468/504
    generated 472/504
    generated 476/504
    generated 480/504
    generated 484/504
    generated 488/504
    generated 492/504
    generated 496/504
    generated 500/504
    generated 504/504
  saved /a/slurm-login-internal-home/h24/baga0553/thesis-final/slurm/history_augmented_co_mg_output/gemma-2-9b-it_validation_ids_prefix_injection_single_activations.pt (72 instructions)
  saved /a/slurm-login-internal-home/h24/baga0553/thesis-final/slurm/history_augmented_co_mg_output/gemma-2-9b-it_validation_ids_prefix_injection_multi_neutral_activations.pt (72 instructions)
  saved /a/slurm-login-internal-home/h24/baga0553/thesis-final/slurm/history_augmented_co_mg_output/gemma-2-9b-it_validation_ids_prefix_injection_multi_progressive_activations.pt (72 instructions)
  saved /a/slurm-login-internal-home/h24/baga0553/thesis-final/slurm/history_augmented_co_mg_output/gemma-2-9b-it_validation_ids_refusal_suppression_single_activations.pt (72 instructions)
  saved /a/slurm-login-internal-home/h24/baga0553/thesis-final/slurm/history_augmented_co_mg_output/gemma-2-9b-it_validation_ids_refusal_suppression_multi_neutral_activations.pt (72 instructions)
  saved /a/slurm-login-internal-home/h24/baga0553/thesis-final/slurm/history_augmented_co_mg_output/gemma-2-9b-it_validation_ids_refusal_suppression_multi_progressive_activations.pt (72 instructions)
  saved /a/slurm-login-internal-home/h24/baga0553/thesis-final/slurm/history_augmented_co_mg_output/gemma-2-9b-it_validation_ids_persona_roleplay_single_activations.pt (72 instructions)
  saved /a/slurm-login-internal-home/h24/baga0553/thesis-final/slurm/history_augmented_co_mg_output/gemma-2-9b-it_validation_ids_persona_roleplay_multi_neutral_activations.pt (72 instructions)
  saved /a/slurm-login-internal-home/h24/baga0553/thesis-final/slurm/history_augmented_co_mg_output/gemma-2-9b-it_validation_ids_persona_roleplay_multi_progressive_activations.pt (72 instructions)
  saved /a/slurm-login-internal-home/h24/baga0553/thesis-final/slurm/history_augmented_co_mg_output/gemma-2-9b-it_validation_ids_encoding_obfuscation_single_activations.pt (72 instructions)
  saved /a/slurm-login-internal-home/h24/baga0553/thesis-final/slurm/history_augmented_co_mg_output/gemma-2-9b-it_validation_ids_encoding_obfuscation_multi_neutral_activations.pt (72 instructions)
  saved /a/slurm-login-internal-home/h24/baga0553/thesis-final/slurm/history_augmented_co_mg_output/gemma-2-9b-it_validation_ids_encoding_obfuscation_multi_progressive_activations.pt (72 instructions)
  saved /a/slurm-login-internal-home/h24/baga0553/thesis-final/slurm/history_augmented_co_mg_output/gemma-2-9b-it_validation_ids_payload_splitting_single_activations.pt (72 instructions)
  saved /a/slurm-login-internal-home/h24/baga0553/thesis-final/slurm/history_augmented_co_mg_output/gemma-2-9b-it_validation_ids_payload_splitting_multi_neutral_activations.pt (72 instructions)
  saved /a/slurm-login-internal-home/h24/baga0553/thesis-final/slurm/history_augmented_co_mg_output/gemma-2-9b-it_validation_ids_payload_splitting_multi_progressive_activations.pt (72 instructions)
  saved /a/slurm-login-internal-home/h24/baga0553/thesis-final/slurm/history_augmented_co_mg_output/gemma-2-9b-it_validation_ids_distractors_negated_single_activations.pt (72 instructions)
  saved /a/slurm-login-internal-home/h24/baga0553/thesis-final/slurm/history_augmented_co_mg_output/gemma-2-9b-it_validation_ids_distractors_negated_multi_neutral_activations.pt (72 instructions)
  saved /a/slurm-login-internal-home/h24/baga0553/thesis-final/slurm/history_augmented_co_mg_output/gemma-2-9b-it_validation_ids_distractors_negated_multi_progressive_activations.pt (72 instructions)
  saved /a/slurm-login-internal-home/h24/baga0553/thesis-final/slurm/history_augmented_co_mg_output/gemma-2-9b-it_validation_ids_neutral_single_activations.pt (72 instructions)
  saved /a/slurm-login-internal-home/h24/baga0553/thesis-final/slurm/history_augmented_co_mg_output/gemma-2-9b-it_validation_ids_neutral_multi_neutral_activations.pt (72 instructions)
  saved /a/slurm-login-internal-home/h24/baga0553/thesis-final/slurm/history_augmented_co_mg_output/gemma-2-9b-it_validation_ids_neutral_multi_progressive_activations.pt (72 instructions)
[gemma-2-9b-it] judging 1512 final responses with WildGuard
Loading WildGuard...
Loading checkpoint shards:   0%|          | 0/2 [00:00<?, ?it/s]Loading checkpoint shards:  50%|█████     | 1/2 [00:19<00:19, 19.03s/it]Loading checkpoint shards: 100%|██████████| 2/2 [00:27<00:00, 12.59s/it]Loading checkpoint shards: 100%|██████████| 2/2 [00:27<00:00, 13.56s/it]
  judged 16/1512
  judged 32/1512
  judged 48/1512
  judged 64/1512
  judged 80/1512
  judged 96/1512
  judged 112/1512
  judged 128/1512
  judged 144/1512
  judged 160/1512
  judged 176/1512
  judged 192/1512
  judged 208/1512
  judged 224/1512
  judged 240/1512
  judged 256/1512
  judged 272/1512
  judged 288/1512
  judged 304/1512
  judged 320/1512
  judged 336/1512
  judged 352/1512
  judged 368/1512
  judged 384/1512
  judged 400/1512
  judged 416/1512
  judged 432/1512
  judged 448/1512
  judged 464/1512
  judged 480/1512
  judged 496/1512
  judged 512/1512
  judged 528/1512
  judged 544/1512
  judged 560/1512
  judged 576/1512
  judged 592/1512
  judged 608/1512
  judged 624/1512
  judged 640/1512
  judged 656/1512
  judged 672/1512
  judged 688/1512
  judged 704/1512
  judged 720/1512
  judged 736/1512
  judged 752/1512
  judged 768/1512
  judged 784/1512
  judged 800/1512
  judged 816/1512
  judged 832/1512
  judged 848/1512
  judged 864/1512
  judged 880/1512
  judged 896/1512
  judged 912/1512
  judged 928/1512
  judged 944/1512
  judged 960/1512
  judged 976/1512
  judged 992/1512
  judged 1008/1512
  judged 1024/1512
  judged 1040/1512
  judged 1056/1512
  judged 1072/1512
  judged 1088/1512
  judged 1104/1512
  judged 1120/1512
  judged 1136/1512
  judged 1152/1512
  judged 1168/1512
  judged 1184/1512
  judged 1200/1512
  judged 1216/1512
  judged 1232/1512
  judged 1248/1512
  judged 1264/1512
  judged 1280/1512
  judged 1296/1512
  judged 1312/1512
  judged 1328/1512
  judged 1344/1512
  judged 1360/1512
  judged 1376/1512
  judged 1392/1512
  judged 1408/1512
  judged 1424/1512
  judged 1440/1512
  judged 1456/1512
  judged 1472/1512
  judged 1488/1512
  judged 1504/1512
  judged 1512/1512
{
  "result_status": "HISTORY_AUGMENTED_EXTRACTION_DONE",
  "model_alias": "gemma-2-9b-it",
  "ids_key": "validation_ids",
  "pilot": false,
  "n_instructions": 72,
  "n_ok": 6552,
  "n_fail": 0,
  "manifest_path": "/a/slurm-login-internal-home/h24/baga0553/thesis-final/slurm/history_augmented_co_mg_output/gemma-2-9b-it_validation_ids_history_augmented_manifest.jsonl",
  "responses_path": "/a/slurm-login-internal-home/h24/baga0553/thesis-final/slurm/history_augmented_co_mg_output/gemma-2-9b-it_validation_ids_history_augmented_responses.jsonl",
  "judge_path": "/a/slurm-login-internal-home/h24/baga0553/thesis-final/slurm/history_augmented_co_mg_output/gemma-2-9b-it_validation_ids_history_augmented_judge_records.jsonl",
  "output_dir": "/a/slurm-login-internal-home/h24/baga0553/thesis-final/slurm/history_augmented_co_mg_output"
}
Done: Mon 14 Sep 19:38:52 CEST 2026
