Model: gemma-2-9b-it  primary_layer=25  skip_representation=0  skip_behavioral=0  skip_connection=0  Start: Mon 14 Sep 19:38:54 CEST 2026
[gemma-2-9b-it] behavioral: 72 instructions with all 21 conditions present, 72 clusters
[gemma-2-9b-it] bootstrapping E_CO/E_MG/E_N/Gamma/corrected_CO/corrected_MG for each scaffold kind + neutral-vs-progressive contrast...
[gemma-2-9b-it] kind=neutral mechanism=prefix_injection: bootstrapping d_m^history...
[gemma-2-9b-it] kind=neutral mechanism=refusal_suppression: bootstrapping d_m^history...
[gemma-2-9b-it] kind=neutral mechanism=persona_roleplay: bootstrapping d_m^history...
[gemma-2-9b-it] kind=neutral mechanism=encoding_obfuscation: bootstrapping d_m^history...
[gemma-2-9b-it] kind=neutral mechanism=payload_splitting: bootstrapping d_m^history...
[gemma-2-9b-it] kind=neutral mechanism=distractors_negated: bootstrapping d_m^history...
[gemma-2-9b-it] kind=progressive mechanism=prefix_injection: bootstrapping d_m^history...
[gemma-2-9b-it] kind=progressive mechanism=refusal_suppression: bootstrapping d_m^history...
[gemma-2-9b-it] kind=progressive mechanism=persona_roleplay: bootstrapping d_m^history...
[gemma-2-9b-it] kind=progressive mechanism=encoding_obfuscation: bootstrapping d_m^history...
[gemma-2-9b-it] kind=progressive mechanism=payload_splitting: bootstrapping d_m^history...
[gemma-2-9b-it] kind=progressive mechanism=distractors_negated: bootstrapping d_m^history...
[gemma-2-9b-it] kind=neutral mechanism=prefix_injection: bootstrapping z-vs-strict_success connection...
[gemma-2-9b-it] kind=neutral mechanism=refusal_suppression: bootstrapping z-vs-strict_success connection...
[gemma-2-9b-it] kind=neutral mechanism=persona_roleplay: bootstrapping z-vs-strict_success connection...
[gemma-2-9b-it] kind=neutral mechanism=encoding_obfuscation: bootstrapping z-vs-strict_success connection...
[gemma-2-9b-it] kind=neutral mechanism=payload_splitting: bootstrapping z-vs-strict_success connection...
[gemma-2-9b-it] kind=neutral mechanism=distractors_negated: bootstrapping z-vs-strict_success connection...
[gemma-2-9b-it] kind=progressive mechanism=prefix_injection: bootstrapping z-vs-strict_success connection...
[gemma-2-9b-it] kind=progressive mechanism=refusal_suppression: bootstrapping z-vs-strict_success connection...
[gemma-2-9b-it] kind=progressive mechanism=persona_roleplay: bootstrapping z-vs-strict_success connection...
[gemma-2-9b-it] kind=progressive mechanism=encoding_obfuscation: bootstrapping z-vs-strict_success connection...
[gemma-2-9b-it] kind=progressive mechanism=payload_splitting: bootstrapping z-vs-strict_success connection...
[gemma-2-9b-it] kind=progressive mechanism=distractors_negated: bootstrapping z-vs-strict_success connection...
{
  "result_status": "HISTORY_AUGMENTED_BEHAVIORAL_DONE",
  "model_alias": "gemma-2-9b-it",
  "output_path": "/a/slurm-login-internal-home/h24/baga0553/thesis-final/slurm/history_augmented_co_mg_analysis/gemma-2-9b-it_history_augmented_behavioral.json"
}
{
  "result_status": "HISTORY_AUGMENTED_REPRESENTATION_DONE",
  "model_alias": "gemma-2-9b-it",
  "output_path": "/a/slurm-login-internal-home/h24/baga0553/thesis-final/slurm/history_augmented_co_mg_analysis/gemma-2-9b-it_history_augmented_representation.json"
}
{
  "result_status": "HISTORY_AUGMENTED_ACTIVATION_BEHAVIOR_CONNECTION_DONE",
  "model_alias": "gemma-2-9b-it",
  "output_path": "/a/slurm-login-internal-home/h24/baga0553/thesis-final/slurm/history_augmented_co_mg_analysis/gemma-2-9b-it_history_augmented_activation_behavior_connection.json"
}
Done: Mon 14 Sep 19:40:46 CEST 2026
