Model: gemma-2-9b-it  ids_key=direction_ids  batch_size=16  Start: Sun 13 Sep 21:01:33 CEST 2026
[gemma-2-9b-it] loading tokenizer + model: /home/h24/baga0553/models/gemma-2-9b-it
Loading checkpoint shards:   0%|          | 0/4 [00:00<?, ?it/s]Loading checkpoint shards:  25%|██▌       | 1/4 [00:08<00:26,  8.68s/it]Loading checkpoint shards:  50%|█████     | 2/4 [00:17<00:17,  8.56s/it]Loading checkpoint shards:  75%|███████▌  | 3/4 [00:25<00:08,  8.50s/it]Loading checkpoint shards: 100%|██████████| 4/4 [00:31<00:00,  7.68s/it]Loading checkpoint shards: 100%|██████████| 4/4 [00:31<00:00,  8.00s/it]
[gemma-2-9b-it] single-turn conditions: 2100 rows
[gemma-2-9b-it] multi_neutral conditions: 2100 rows x 6 stages
  stage 1: appending user turn + extracting boundary
  stage 1: generating real responses (2100 rows)
    generated 16/2100
    generated 32/2100
    generated 48/2100
    generated 64/2100
    generated 80/2100
    generated 96/2100
    generated 112/2100
    generated 128/2100
    generated 144/2100
    generated 160/2100
    generated 176/2100
    generated 192/2100
    generated 208/2100
    generated 224/2100
    generated 240/2100
    generated 256/2100
    generated 272/2100
    generated 288/2100
    generated 304/2100
    generated 320/2100
    generated 336/2100
    generated 352/2100
    generated 368/2100
    generated 384/2100
    generated 400/2100
    generated 416/2100
    generated 432/2100
    generated 448/2100
    generated 464/2100
    generated 480/2100
    generated 496/2100
    generated 512/2100
    generated 528/2100
    generated 544/2100
    generated 560/2100
    generated 576/2100
    generated 592/2100
    generated 608/2100
    generated 624/2100
    generated 640/2100
    generated 656/2100
    generated 672/2100
    generated 688/2100
    generated 704/2100
    generated 720/2100
    generated 736/2100
    generated 752/2100
    generated 768/2100
    generated 784/2100
    generated 800/2100
    generated 816/2100
    generated 832/2100
    generated 848/2100
    generated 864/2100
    generated 880/2100
    generated 896/2100
    generated 912/2100
    generated 928/2100
    generated 944/2100
    generated 960/2100
    generated 976/2100
    generated 992/2100
    generated 1008/2100
    generated 1024/2100
    generated 1040/2100
    generated 1056/2100
    generated 1072/2100
    generated 1088/2100
    generated 1104/2100
    generated 1120/2100
    generated 1136/2100
    generated 1152/2100
    generated 1168/2100
    generated 1184/2100
    generated 1200/2100
    generated 1216/2100
    generated 1232/2100
    generated 1248/2100
    generated 1264/2100
    generated 1280/2100
    generated 1296/2100
    generated 1312/2100
    generated 1328/2100
    generated 1344/2100
    generated 1360/2100
    generated 1376/2100
    generated 1392/2100
    generated 1408/2100
    generated 1424/2100
    generated 1440/2100
    generated 1456/2100
    generated 1472/2100
    generated 1488/2100
    generated 1504/2100
    generated 1520/2100
    generated 1536/2100
    generated 1552/2100
    generated 1568/2100
    generated 1584/2100
    generated 1600/2100
    generated 1616/2100
    generated 1632/2100
    generated 1648/2100
    generated 1664/2100
    generated 1680/2100
    generated 1696/2100
    generated 1712/2100
    generated 1728/2100
    generated 1744/2100
    generated 1760/2100
    generated 1776/2100
    generated 1792/2100
    generated 1808/2100
    generated 1824/2100
    generated 1840/2100
    generated 1856/2100
    generated 1872/2100
    generated 1888/2100
    generated 1904/2100
    generated 1920/2100
    generated 1936/2100
    generated 1952/2100
    generated 1968/2100
    generated 1984/2100
    generated 2000/2100
    generated 2016/2100
    generated 2032/2100
    generated 2048/2100
    generated 2064/2100
    generated 2080/2100
    generated 2096/2100
    generated 2100/2100
  stage 2: appending user turn + extracting boundary
  stage 2: generating real responses (2100 rows)
    generated 16/2100
    generated 32/2100
    generated 48/2100
    generated 64/2100
    generated 80/2100
    generated 96/2100
    generated 112/2100
    generated 128/2100
    generated 144/2100
    generated 160/2100
    generated 176/2100
    generated 192/2100
    generated 208/2100
    generated 224/2100
    generated 240/2100
    generated 256/2100
    generated 272/2100
    generated 288/2100
    generated 304/2100
    generated 320/2100
    generated 336/2100
    generated 352/2100
    generated 368/2100
    generated 384/2100
    generated 400/2100
    generated 416/2100
    generated 432/2100
    generated 448/2100
    generated 464/2100
    generated 480/2100
    generated 496/2100
    generated 512/2100
    generated 528/2100
    generated 544/2100
    generated 560/2100
    generated 576/2100
    generated 592/2100
    generated 608/2100
    generated 624/2100
    generated 640/2100
    generated 656/2100
    generated 672/2100
    generated 688/2100
    generated 704/2100
    generated 720/2100
    generated 736/2100
    generated 752/2100
    generated 768/2100
    generated 784/2100
    generated 800/2100
    generated 816/2100
    generated 832/2100
    generated 848/2100
    generated 864/2100
    generated 880/2100
    generated 896/2100
    generated 912/2100
    generated 928/2100
    generated 944/2100
    generated 960/2100
    generated 976/2100
    generated 992/2100
    generated 1008/2100
    generated 1024/2100
    generated 1040/2100
    generated 1056/2100
    generated 1072/2100
    generated 1088/2100
    generated 1104/2100
    generated 1120/2100
    generated 1136/2100
    generated 1152/2100
    generated 1168/2100
    generated 1184/2100
    generated 1200/2100
    generated 1216/2100
    generated 1232/2100
    generated 1248/2100
    generated 1264/2100
    generated 1280/2100
    generated 1296/2100
    generated 1312/2100
    generated 1328/2100
    generated 1344/2100
    generated 1360/2100
    generated 1376/2100
    generated 1392/2100
    generated 1408/2100
    generated 1424/2100
    generated 1440/2100
    generated 1456/2100
    generated 1472/2100
    generated 1488/2100
    generated 1504/2100
    generated 1520/2100
    generated 1536/2100
    generated 1552/2100
    generated 1568/2100
    generated 1584/2100
    generated 1600/2100
    generated 1616/2100
    generated 1632/2100
    generated 1648/2100
    generated 1664/2100
    generated 1680/2100
    generated 1696/2100
    generated 1712/2100
    generated 1728/2100
    generated 1744/2100
    generated 1760/2100
    generated 1776/2100
    generated 1792/2100
    generated 1808/2100
    generated 1824/2100
    generated 1840/2100
    generated 1856/2100
    generated 1872/2100
    generated 1888/2100
    generated 1904/2100
    generated 1920/2100
    generated 1936/2100
    generated 1952/2100
    generated 1968/2100
    generated 1984/2100
    generated 2000/2100
    generated 2016/2100
    generated 2032/2100
    generated 2048/2100
    generated 2064/2100
    generated 2080/2100
    generated 2096/2100
    generated 2100/2100
  stage 3: appending user turn + extracting boundary
  stage 3: generating real responses (2100 rows)
    generated 16/2100
    generated 32/2100
    generated 48/2100
    generated 64/2100
    generated 80/2100
    generated 96/2100
    generated 112/2100
    generated 128/2100
    generated 144/2100
    generated 160/2100
    generated 176/2100
    generated 192/2100
    generated 208/2100
    generated 224/2100
    generated 240/2100
    generated 256/2100
    generated 272/2100
    generated 288/2100
    generated 304/2100
    generated 320/2100
    generated 336/2100
    generated 352/2100
    generated 368/2100
    generated 384/2100
    generated 400/2100
    generated 416/2100
    generated 432/2100
    generated 448/2100
    generated 464/2100
    generated 480/2100
    generated 496/2100
    generated 512/2100
    generated 528/2100
    generated 544/2100
    generated 560/2100
    generated 576/2100
    generated 592/2100
    generated 608/2100
    generated 624/2100
    generated 640/2100
    generated 656/2100
    generated 672/2100
    generated 688/2100
    generated 704/2100
    generated 720/2100
    generated 736/2100
    generated 752/2100
    generated 768/2100
    generated 784/2100
    generated 800/2100
    generated 816/2100
    generated 832/2100
    generated 848/2100
    generated 864/2100
    generated 880/2100
    generated 896/2100
    generated 912/2100
    generated 928/2100
    generated 944/2100
    generated 960/2100
    generated 976/2100
    generated 992/2100
    generated 1008/2100
    generated 1024/2100
    generated 1040/2100
    generated 1056/2100
    generated 1072/2100
    generated 1088/2100
    generated 1104/2100
    generated 1120/2100
    generated 1136/2100
    generated 1152/2100
    generated 1168/2100
    generated 1184/2100
    generated 1200/2100
    generated 1216/2100
    generated 1232/2100
    generated 1248/2100
    generated 1264/2100
    generated 1280/2100
    generated 1296/2100
    generated 1312/2100
    generated 1328/2100
    generated 1344/2100
    generated 1360/2100
    generated 1376/2100
    generated 1392/2100
    generated 1408/2100
    generated 1424/2100
    generated 1440/2100
    generated 1456/2100
    generated 1472/2100
    generated 1488/2100
    generated 1504/2100
    generated 1520/2100
    generated 1536/2100
    generated 1552/2100
    generated 1568/2100
    generated 1584/2100
    generated 1600/2100
    generated 1616/2100
    generated 1632/2100
    generated 1648/2100
    generated 1664/2100
    generated 1680/2100
    generated 1696/2100
    generated 1712/2100
    generated 1728/2100
    generated 1744/2100
    generated 1760/2100
    generated 1776/2100
    generated 1792/2100
    generated 1808/2100
    generated 1824/2100
    generated 1840/2100
    generated 1856/2100
    generated 1872/2100
    generated 1888/2100
    generated 1904/2100
    generated 1920/2100
    generated 1936/2100
    generated 1952/2100
    generated 1968/2100
    generated 1984/2100
    generated 2000/2100
    generated 2016/2100
    generated 2032/2100
    generated 2048/2100
    generated 2064/2100
    generated 2080/2100
    generated 2096/2100
    generated 2100/2100
  stage 4: appending user turn + extracting boundary
  stage 4: generating real responses (2100 rows)
    generated 16/2100
    generated 32/2100
    generated 48/2100
    generated 64/2100
    generated 80/2100
    generated 96/2100
    generated 112/2100
    generated 128/2100
    generated 144/2100
    generated 160/2100
    generated 176/2100
    generated 192/2100
    generated 208/2100
    generated 224/2100
    generated 240/2100
    generated 256/2100
    generated 272/2100
    generated 288/2100
    generated 304/2100
    generated 320/2100
    generated 336/2100
    generated 352/2100
    generated 368/2100
    generated 384/2100
    generated 400/2100
    generated 416/2100
    generated 432/2100
    generated 448/2100
    generated 464/2100
    generated 480/2100
    generated 496/2100
    generated 512/2100
    generated 528/2100
    generated 544/2100
    generated 560/2100
    generated 576/2100
    generated 592/2100
    generated 608/2100
    generated 624/2100
    generated 640/2100
    generated 656/2100
    generated 672/2100
    generated 688/2100
    generated 704/2100
    generated 720/2100
    generated 736/2100
    generated 752/2100
    generated 768/2100
    generated 784/2100
    generated 800/2100
    generated 816/2100
    generated 832/2100
    generated 848/2100
    generated 864/2100
    generated 880/2100
    generated 896/2100
    generated 912/2100
    generated 928/2100
    generated 944/2100
    generated 960/2100
    generated 976/2100
    generated 992/2100
    generated 1008/2100
    generated 1024/2100
    generated 1040/2100
    generated 1056/2100
    generated 1072/2100
    generated 1088/2100
    generated 1104/2100
    generated 1120/2100
    generated 1136/2100
    generated 1152/2100
    generated 1168/2100
    generated 1184/2100
    generated 1200/2100
    generated 1216/2100
    generated 1232/2100
    generated 1248/2100
    generated 1264/2100
    generated 1280/2100
    generated 1296/2100
    generated 1312/2100
    generated 1328/2100
    generated 1344/2100
    generated 1360/2100
    generated 1376/2100
    generated 1392/2100
    generated 1408/2100
    generated 1424/2100
    generated 1440/2100
    generated 1456/2100
    generated 1472/2100
    generated 1488/2100
    generated 1504/2100
    generated 1520/2100
    generated 1536/2100
    generated 1552/2100
    generated 1568/2100
    generated 1584/2100
    generated 1600/2100
    generated 1616/2100
    generated 1632/2100
    generated 1648/2100
    generated 1664/2100
    generated 1680/2100
    generated 1696/2100
    generated 1712/2100
    generated 1728/2100
    generated 1744/2100
    generated 1760/2100
    generated 1776/2100
    generated 1792/2100
    generated 1808/2100
    generated 1824/2100
    generated 1840/2100
    generated 1856/2100
    generated 1872/2100
    generated 1888/2100
    generated 1904/2100
    generated 1920/2100
    generated 1936/2100
    generated 1952/2100
    generated 1968/2100
    generated 1984/2100
    generated 2000/2100
    generated 2016/2100
    generated 2032/2100
    generated 2048/2100
    generated 2064/2100
    generated 2080/2100
    generated 2096/2100
    generated 2100/2100
  stage 5: appending user turn + extracting boundary
  stage 5: generating real responses (2100 rows)
    generated 16/2100
Traceback (most recent call last):
  File "/a/slurm-login-internal-home/h24/baga0553/thesis-final/slurm/extract_history_augmented_co_mg.py", line 442, in <module>
    main()
  File "/a/slurm-login-internal-home/h24/baga0553/thesis-final/slurm/extract_history_augmented_co_mg.py", line 438, in main
    run_extraction(args.model_alias, model_path, primary_layer, args.ids_key, args.output_dir, args.batch_size, args.limit, mechanisms=args.mechanisms)
  File "/a/slurm-login-internal-home/h24/baga0553/thesis-final/slurm/extract_history_augmented_co_mg.py", line 366, in run_extraction
    run_generation_wave(model, tokenizer, eos_ids, trajectory_rows, batch_size)
  File "/a/slurm-login-internal-home/h24/baga0553/thesis-final/slurm/extract_history_augmented_co_mg.py", line 218, in run_generation_wave
    out = model.generate(**enc, max_new_tokens=GENERATION_CONFIG["max_new_tokens"],
          ^^^^^^^^^^^^^^^^^^^^^^^^^^^^^^^^^^^^^^^^^^^^^^^^^^^^^^^^^^^^^^^^^^^^^^^^^
  File "/a/slurm-login-internal-home/h24/baga0553/thesis_experiment/Multilingual-Refusal/venv/lib/python3.11/site-packages/torch/utils/_contextlib.py", line 115, in decorate_context
    return func(*args, **kwargs)
           ^^^^^^^^^^^^^^^^^^^^^
  File "/a/slurm-login-internal-home/h24/baga0553/thesis_experiment/Multilingual-Refusal/venv/lib/python3.11/site-packages/transformers/generation/utils.py", line 2024, in generate
    result = self._sample(
             ^^^^^^^^^^^^^
  File "/a/slurm-login-internal-home/h24/baga0553/thesis_experiment/Multilingual-Refusal/venv/lib/python3.11/site-packages/transformers/generation/utils.py", line 2982, in _sample
    outputs = self(**model_inputs, return_dict=True)
              ^^^^^^^^^^^^^^^^^^^^^^^^^^^^^^^^^^^^^^
  File "/a/slurm-login-internal-home/h24/baga0553/thesis_experiment/Multilingual-Refusal/venv/lib/python3.11/site-packages/torch/nn/modules/module.py", line 1532, in _wrapped_call_impl
    return self._call_impl(*args, **kwargs)
           ^^^^^^^^^^^^^^^^^^^^^^^^^^^^^^^^
  File "/a/slurm-login-internal-home/h24/baga0553/thesis_experiment/Multilingual-Refusal/venv/lib/python3.11/site-packages/torch/nn/modules/module.py", line 1541, in _call_impl
    return forward_call(*args, **kwargs)
           ^^^^^^^^^^^^^^^^^^^^^^^^^^^^^
  File "/a/slurm-login-internal-home/h24/baga0553/thesis_experiment/Multilingual-Refusal/venv/lib/python3.11/site-packages/transformers/models/gemma2/modeling_gemma2.py", line 1014, in forward
    logits = logits.float()
             ^^^^^^^^^^^^^^
torch.cuda.OutOfMemoryError: CUDA out of memory. Tried to allocate 11.72 GiB. GPU 
Done: Sun 13 Sep 22:50:17 CEST 2026
