Model: gemma-2-9b-it  primary_layer=25  n_boot=2000  Start: Thu 17 Sep 08:47:40 CEST 2026
[gemma-2-9b-it] kind=neutral mechanism=prefix_injection stage=stage_1: bootstrapping d_m^history...
[gemma-2-9b-it] kind=neutral mechanism=prefix_injection stage=stage_2: bootstrapping d_m^history...
[gemma-2-9b-it] kind=neutral mechanism=prefix_injection stage=stage_3: bootstrapping d_m^history...
[gemma-2-9b-it] kind=neutral mechanism=prefix_injection stage=stage_4: bootstrapping d_m^history...
[gemma-2-9b-it] kind=neutral mechanism=prefix_injection stage=stage_5: bootstrapping d_m^history...
[gemma-2-9b-it] kind=neutral mechanism=prefix_injection stage=stage_6: bootstrapping d_m^history...
[gemma-2-9b-it] kind=neutral mechanism=refusal_suppression stage=stage_1: bootstrapping d_m^history...
[gemma-2-9b-it] kind=neutral mechanism=refusal_suppression stage=stage_2: bootstrapping d_m^history...
[gemma-2-9b-it] kind=neutral mechanism=refusal_suppression stage=stage_3: bootstrapping d_m^history...
[gemma-2-9b-it] kind=neutral mechanism=refusal_suppression stage=stage_4: bootstrapping d_m^history...
[gemma-2-9b-it] kind=neutral mechanism=refusal_suppression stage=stage_5: bootstrapping d_m^history...
[gemma-2-9b-it] kind=neutral mechanism=refusal_suppression stage=stage_6: bootstrapping d_m^history...
[gemma-2-9b-it] kind=neutral mechanism=persona_roleplay stage=stage_1: bootstrapping d_m^history...
[gemma-2-9b-it] kind=neutral mechanism=persona_roleplay stage=stage_2: bootstrapping d_m^history...
[gemma-2-9b-it] kind=neutral mechanism=persona_roleplay stage=stage_3: bootstrapping d_m^history...
[gemma-2-9b-it] kind=neutral mechanism=persona_roleplay stage=stage_4: bootstrapping d_m^history...
[gemma-2-9b-it] kind=neutral mechanism=persona_roleplay stage=stage_5: bootstrapping d_m^history...
[gemma-2-9b-it] kind=neutral mechanism=persona_roleplay stage=stage_6: bootstrapping d_m^history...
[gemma-2-9b-it] kind=neutral mechanism=encoding_obfuscation stage=stage_1: bootstrapping d_m^history...
[gemma-2-9b-it] kind=neutral mechanism=encoding_obfuscation stage=stage_2: bootstrapping d_m^history...
[gemma-2-9b-it] kind=neutral mechanism=encoding_obfuscation stage=stage_3: bootstrapping d_m^history...
[gemma-2-9b-it] kind=neutral mechanism=encoding_obfuscation stage=stage_4: bootstrapping d_m^history...
[gemma-2-9b-it] kind=neutral mechanism=encoding_obfuscation stage=stage_5: bootstrapping d_m^history...
[gemma-2-9b-it] kind=neutral mechanism=encoding_obfuscation stage=stage_6: bootstrapping d_m^history...
[gemma-2-9b-it] kind=neutral mechanism=payload_splitting stage=stage_1: bootstrapping d_m^history...
[gemma-2-9b-it] kind=neutral mechanism=payload_splitting stage=stage_2: bootstrapping d_m^history...
[gemma-2-9b-it] kind=neutral mechanism=payload_splitting stage=stage_3: bootstrapping d_m^history...
[gemma-2-9b-it] kind=neutral mechanism=payload_splitting stage=stage_4: bootstrapping d_m^history...
[gemma-2-9b-it] kind=neutral mechanism=payload_splitting stage=stage_5: bootstrapping d_m^history...
[gemma-2-9b-it] kind=neutral mechanism=payload_splitting stage=stage_6: bootstrapping d_m^history...
[gemma-2-9b-it] kind=neutral mechanism=distractors_negated stage=stage_1: bootstrapping d_m^history...
[gemma-2-9b-it] kind=neutral mechanism=distractors_negated stage=stage_2: bootstrapping d_m^history...
[gemma-2-9b-it] kind=neutral mechanism=distractors_negated stage=stage_3: bootstrapping d_m^history...
[gemma-2-9b-it] kind=neutral mechanism=distractors_negated stage=stage_4: bootstrapping d_m^history...
[gemma-2-9b-it] kind=neutral mechanism=distractors_negated stage=stage_5: bootstrapping d_m^history...
[gemma-2-9b-it] kind=neutral mechanism=distractors_negated stage=stage_6: bootstrapping d_m^history...
[gemma-2-9b-it] kind=progressive mechanism=prefix_injection stage=stage_1: bootstrapping d_m^history...
[gemma-2-9b-it] kind=progressive mechanism=prefix_injection stage=stage_2: bootstrapping d_m^history...
[gemma-2-9b-it] kind=progressive mechanism=prefix_injection stage=stage_3: bootstrapping d_m^history...
[gemma-2-9b-it] kind=progressive mechanism=prefix_injection stage=stage_4: bootstrapping d_m^history...
[gemma-2-9b-it] kind=progressive mechanism=prefix_injection stage=stage_5: bootstrapping d_m^history...
[gemma-2-9b-it] kind=progressive mechanism=prefix_injection stage=stage_6: bootstrapping d_m^history...
[gemma-2-9b-it] kind=progressive mechanism=refusal_suppression stage=stage_1: bootstrapping d_m^history...
[gemma-2-9b-it] kind=progressive mechanism=refusal_suppression stage=stage_2: bootstrapping d_m^history...
[gemma-2-9b-it] kind=progressive mechanism=refusal_suppression stage=stage_3: bootstrapping d_m^history...
[gemma-2-9b-it] kind=progressive mechanism=refusal_suppression stage=stage_4: bootstrapping d_m^history...
[gemma-2-9b-it] kind=progressive mechanism=refusal_suppression stage=stage_5: bootstrapping d_m^history...
[gemma-2-9b-it] kind=progressive mechanism=refusal_suppression stage=stage_6: bootstrapping d_m^history...
[gemma-2-9b-it] kind=progressive mechanism=persona_roleplay stage=stage_1: bootstrapping d_m^history...
[gemma-2-9b-it] kind=progressive mechanism=persona_roleplay stage=stage_2: bootstrapping d_m^history...
[gemma-2-9b-it] kind=progressive mechanism=persona_roleplay stage=stage_3: bootstrapping d_m^history...
[gemma-2-9b-it] kind=progressive mechanism=persona_roleplay stage=stage_4: bootstrapping d_m^history...
[gemma-2-9b-it] kind=progressive mechanism=persona_roleplay stage=stage_5: bootstrapping d_m^history...
[gemma-2-9b-it] kind=progressive mechanism=persona_roleplay stage=stage_6: bootstrapping d_m^history...
[gemma-2-9b-it] kind=progressive mechanism=encoding_obfuscation stage=stage_1: bootstrapping d_m^history...
[gemma-2-9b-it] kind=progressive mechanism=encoding_obfuscation stage=stage_2: bootstrapping d_m^history...
[gemma-2-9b-it] kind=progressive mechanism=encoding_obfuscation stage=stage_3: bootstrapping d_m^history...
[gemma-2-9b-it] kind=progressive mechanism=encoding_obfuscation stage=stage_4: bootstrapping d_m^history...
[gemma-2-9b-it] kind=progressive mechanism=encoding_obfuscation stage=stage_5: bootstrapping d_m^history...
[gemma-2-9b-it] kind=progressive mechanism=encoding_obfuscation stage=stage_6: bootstrapping d_m^history...
[gemma-2-9b-it] kind=progressive mechanism=payload_splitting stage=stage_1: bootstrapping d_m^history...
[gemma-2-9b-it] kind=progressive mechanism=payload_splitting stage=stage_2: bootstrapping d_m^history...
[gemma-2-9b-it] kind=progressive mechanism=payload_splitting stage=stage_3: bootstrapping d_m^history...
[gemma-2-9b-it] kind=progressive mechanism=payload_splitting stage=stage_4: bootstrapping d_m^history...
[gemma-2-9b-it] kind=progressive mechanism=payload_splitting stage=stage_5: bootstrapping d_m^history...
[gemma-2-9b-it] kind=progressive mechanism=payload_splitting stage=stage_6: bootstrapping d_m^history...
[gemma-2-9b-it] kind=progressive mechanism=distractors_negated stage=stage_1: bootstrapping d_m^history...
[gemma-2-9b-it] kind=progressive mechanism=distractors_negated stage=stage_2: bootstrapping d_m^history...
[gemma-2-9b-it] kind=progressive mechanism=distractors_negated stage=stage_3: bootstrapping d_m^history...
[gemma-2-9b-it] kind=progressive mechanism=distractors_negated stage=stage_4: bootstrapping d_m^history...
[gemma-2-9b-it] kind=progressive mechanism=distractors_negated stage=stage_5: bootstrapping d_m^history...
[gemma-2-9b-it] kind=progressive mechanism=distractors_negated stage=stage_6: bootstrapping d_m^history...
{
  "result_status": "HISTORY_AUGMENTED_TRAJECTORY_DONE",
  "model_alias": "gemma-2-9b-it",
  "output_path": "/a/slurm-login-internal-home/h24/baga0553/thesis-final/slurm/history_augmented_co_mg_analysis/gemma-2-9b-it_history_augmented_trajectory.json"
}
Done: Thu 17 Sep 08:54:30 CEST 2026
