Model: gemma-2-9b-it  primary_layer=25  skip_behavioral=0  skip_connection=0  Start: Sat 12 Sep 10:22:15 CEST 2026
[gemma-2-9b-it] loading direction_ids Study B activations...
[gemma-2-9b-it] family=persona: loading P/N/S/C...
[gemma-2-9b-it] family=persona: 300 common instructions, 298 clusters
[gemma-2-9b-it] family=persona: bootstrapping r_f (secondary, confounded)...
[gemma-2-9b-it] family=persona: bootstrapping I_f^repr (primary DiD)...
[gemma-2-9b-it] family=authority: loading P/N/S/C...
[gemma-2-9b-it] family=authority: 300 common instructions, 298 clusters
[gemma-2-9b-it] family=authority: bootstrapping r_f (secondary, confounded)...
[gemma-2-9b-it] family=authority: bootstrapping I_f^repr (primary DiD)...
[gemma-2-9b-it] family=fictional: loading P/N/S/C...
[gemma-2-9b-it] family=fictional: 300 common instructions, 298 clusters
[gemma-2-9b-it] family=fictional: bootstrapping r_f (secondary, confounded)...
[gemma-2-9b-it] family=fictional: bootstrapping I_f^repr (primary DiD)...
[gemma-2-9b-it] family=persona: bootstrapping I_f^ASR...
[gemma-2-9b-it] family=authority: bootstrapping I_f^ASR...
[gemma-2-9b-it] family=fictional: bootstrapping I_f^ASR...
[gemma-2-9b-it] family=persona: bootstrapping z-vs-strict_success connection...
[gemma-2-9b-it] family=authority: bootstrapping z-vs-strict_success connection...
[gemma-2-9b-it] family=fictional: bootstrapping z-vs-strict_success connection...
{
  "result_status": "STUDY_B_REPRESENTATION_DONE",
  "model_alias": "gemma-2-9b-it",
  "output_path": "/a/slurm-login-internal-home/h24/baga0553/thesis-final/slurm/study_b_analysis/gemma-2-9b-it_study_b_representation.json"
}
{
  "result_status": "STUDY_B_BEHAVIORAL_DONE",
  "model_alias": "gemma-2-9b-it",
  "output_path": "/a/slurm-login-internal-home/h24/baga0553/thesis-final/slurm/study_b_analysis/gemma-2-9b-it_study_b_behavioral.json"
}
{
  "result_status": "STUDY_B_ACTIVATION_BEHAVIOR_CONNECTION_DONE",
  "model_alias": "gemma-2-9b-it",
  "output_path": "/a/slurm-login-internal-home/h24/baga0553/thesis-final/slurm/study_b_analysis/gemma-2-9b-it_study_b_activation_behavior_connection.json"
}
Done: Sat 12 Sep 10:23:51 CEST 2026
