Model: gemma-2-9b-it  ids_key=direction_ids  batch_size=16  Start: Sat 12 Sep 04:58:22 CEST 2026
[gemma-2-9b-it] loading tokenizer + model: /home/h24/baga0553/models/gemma-2-9b-it
Loading checkpoint shards:   0%|          | 0/4 [00:00<?, ?it/s]Loading checkpoint shards:  25%|██▌       | 1/4 [00:08<00:25,  8.39s/it]Loading checkpoint shards:  50%|█████     | 2/4 [00:16<00:16,  8.48s/it]Loading checkpoint shards:  75%|███████▌  | 3/4 [00:25<00:08,  8.43s/it]Loading checkpoint shards: 100%|██████████| 4/4 [00:31<00:00,  7.43s/it]Loading checkpoint shards: 100%|██████████| 4/4 [00:31<00:00,  7.80s/it]
[gemma-2-9b-it] single-turn conditions (S/C): 1800 rows
[gemma-2-9b-it] trajectory conditions (P/N): 1800 rows x 4 stages
  stage 1: appending user turn + extracting boundary
  stage 1: generating real responses (1800 rows)
    generated 16/1800
    generated 32/1800
    generated 48/1800
    generated 64/1800
    generated 80/1800
    generated 96/1800
    generated 112/1800
    generated 128/1800
    generated 144/1800
    generated 160/1800
    generated 176/1800
    generated 192/1800
    generated 208/1800
    generated 224/1800
    generated 240/1800
    generated 256/1800
    generated 272/1800
    generated 288/1800
    generated 304/1800
    generated 320/1800
    generated 336/1800
    generated 352/1800
    generated 368/1800
    generated 384/1800
    generated 400/1800
    generated 416/1800
    generated 432/1800
    generated 448/1800
    generated 464/1800
    generated 480/1800
    generated 496/1800
    generated 512/1800
    generated 528/1800
    generated 544/1800
    generated 560/1800
    generated 576/1800
    generated 592/1800
    generated 608/1800
    generated 624/1800
    generated 640/1800
    generated 656/1800
    generated 672/1800
    generated 688/1800
    generated 704/1800
    generated 720/1800
    generated 736/1800
    generated 752/1800
    generated 768/1800
    generated 784/1800
    generated 800/1800
    generated 816/1800
    generated 832/1800
    generated 848/1800
    generated 864/1800
    generated 880/1800
    generated 896/1800
    generated 912/1800
    generated 928/1800
    generated 944/1800
    generated 960/1800
    generated 976/1800
    generated 992/1800
    generated 1008/1800
    generated 1024/1800
    generated 1040/1800
    generated 1056/1800
    generated 1072/1800
    generated 1088/1800
    generated 1104/1800
    generated 1120/1800
    generated 1136/1800
    generated 1152/1800
    generated 1168/1800
    generated 1184/1800
    generated 1200/1800
    generated 1216/1800
    generated 1232/1800
    generated 1248/1800
    generated 1264/1800
    generated 1280/1800
    generated 1296/1800
    generated 1312/1800
    generated 1328/1800
    generated 1344/1800
    generated 1360/1800
    generated 1376/1800
    generated 1392/1800
    generated 1408/1800
    generated 1424/1800
    generated 1440/1800
    generated 1456/1800
    generated 1472/1800
    generated 1488/1800
    generated 1504/1800
    generated 1520/1800
    generated 1536/1800
    generated 1552/1800
    generated 1568/1800
    generated 1584/1800
    generated 1600/1800
    generated 1616/1800
    generated 1632/1800
    generated 1648/1800
    generated 1664/1800
    generated 1680/1800
    generated 1696/1800
    generated 1712/1800
    generated 1728/1800
    generated 1744/1800
    generated 1760/1800
    generated 1776/1800
    generated 1792/1800
    generated 1800/1800
  stage 2: appending user turn + extracting boundary
  stage 2: generating real responses (1800 rows)
    generated 16/1800
    generated 32/1800
    generated 48/1800
    generated 64/1800
    generated 80/1800
    generated 96/1800
    generated 112/1800
    generated 128/1800
    generated 144/1800
    generated 160/1800
    generated 176/1800
    generated 192/1800
    generated 208/1800
    generated 224/1800
    generated 240/1800
    generated 256/1800
    generated 272/1800
    generated 288/1800
    generated 304/1800
    generated 320/1800
    generated 336/1800
    generated 352/1800
    generated 368/1800
    generated 384/1800
    generated 400/1800
    generated 416/1800
    generated 432/1800
    generated 448/1800
    generated 464/1800
    generated 480/1800
    generated 496/1800
    generated 512/1800
    generated 528/1800
    generated 544/1800
    generated 560/1800
    generated 576/1800
    generated 592/1800
    generated 608/1800
    generated 624/1800
    generated 640/1800
    generated 656/1800
    generated 672/1800
    generated 688/1800
    generated 704/1800
    generated 720/1800
    generated 736/1800
    generated 752/1800
    generated 768/1800
    generated 784/1800
    generated 800/1800
    generated 816/1800
    generated 832/1800
    generated 848/1800
    generated 864/1800
    generated 880/1800
    generated 896/1800
    generated 912/1800
    generated 928/1800
    generated 944/1800
    generated 960/1800
    generated 976/1800
    generated 992/1800
    generated 1008/1800
    generated 1024/1800
    generated 1040/1800
    generated 1056/1800
    generated 1072/1800
    generated 1088/1800
    generated 1104/1800
    generated 1120/1800
    generated 1136/1800
    generated 1152/1800
    generated 1168/1800
    generated 1184/1800
    generated 1200/1800
    generated 1216/1800
    generated 1232/1800
    generated 1248/1800
    generated 1264/1800
    generated 1280/1800
    generated 1296/1800
    generated 1312/1800
    generated 1328/1800
    generated 1344/1800
    generated 1360/1800
    generated 1376/1800
    generated 1392/1800
    generated 1408/1800
    generated 1424/1800
    generated 1440/1800
    generated 1456/1800
    generated 1472/1800
    generated 1488/1800
    generated 1504/1800
    generated 1520/1800
    generated 1536/1800
    generated 1552/1800
    generated 1568/1800
    generated 1584/1800
    generated 1600/1800
    generated 1616/1800
    generated 1632/1800
    generated 1648/1800
    generated 1664/1800
    generated 1680/1800
    generated 1696/1800
    generated 1712/1800
    generated 1728/1800
    generated 1744/1800
    generated 1760/1800
    generated 1776/1800
    generated 1792/1800
    generated 1800/1800
  stage 3: appending user turn + extracting boundary
  stage 3: generating real responses (1800 rows)
    generated 16/1800
    generated 32/1800
    generated 48/1800
    generated 64/1800
    generated 80/1800
    generated 96/1800
    generated 112/1800
    generated 128/1800
    generated 144/1800
    generated 160/1800
    generated 176/1800
    generated 192/1800
    generated 208/1800
    generated 224/1800
    generated 240/1800
    generated 256/1800
    generated 272/1800
    generated 288/1800
    generated 304/1800
    generated 320/1800
    generated 336/1800
    generated 352/1800
    generated 368/1800
    generated 384/1800
    generated 400/1800
    generated 416/1800
    generated 432/1800
    generated 448/1800
    generated 464/1800
    generated 480/1800
    generated 496/1800
    generated 512/1800
    generated 528/1800
    generated 544/1800
    generated 560/1800
    generated 576/1800
    generated 592/1800
    generated 608/1800
    generated 624/1800
    generated 640/1800
    generated 656/1800
    generated 672/1800
    generated 688/1800
    generated 704/1800
    generated 720/1800
    generated 736/1800
    generated 752/1800
    generated 768/1800
    generated 784/1800
    generated 800/1800
    generated 816/1800
    generated 832/1800
    generated 848/1800
    generated 864/1800
    generated 880/1800
    generated 896/1800
    generated 912/1800
    generated 928/1800
    generated 944/1800
    generated 960/1800
    generated 976/1800
    generated 992/1800
    generated 1008/1800
    generated 1024/1800
    generated 1040/1800
    generated 1056/1800
    generated 1072/1800
    generated 1088/1800
    generated 1104/1800
    generated 1120/1800
    generated 1136/1800
    generated 1152/1800
    generated 1168/1800
    generated 1184/1800
    generated 1200/1800
    generated 1216/1800
    generated 1232/1800
    generated 1248/1800
    generated 1264/1800
    generated 1280/1800
    generated 1296/1800
    generated 1312/1800
    generated 1328/1800
    generated 1344/1800
    generated 1360/1800
    generated 1376/1800
    generated 1392/1800
    generated 1408/1800
    generated 1424/1800
    generated 1440/1800
    generated 1456/1800
    generated 1472/1800
    generated 1488/1800
    generated 1504/1800
    generated 1520/1800
    generated 1536/1800
    generated 1552/1800
    generated 1568/1800
    generated 1584/1800
    generated 1600/1800
    generated 1616/1800
    generated 1632/1800
    generated 1648/1800
    generated 1664/1800
    generated 1680/1800
    generated 1696/1800
    generated 1712/1800
    generated 1728/1800
    generated 1744/1800
    generated 1760/1800
    generated 1776/1800
    generated 1792/1800
    generated 1800/1800
  stage 4: appending user turn + extracting boundary
  saved /a/slurm-login-internal-home/h24/baga0553/thesis-final/slurm/study_b_output/gemma-2-9b-it_direction_ids_persona_P_activations.pt (300 instructions)
  saved /a/slurm-login-internal-home/h24/baga0553/thesis-final/slurm/study_b_output/gemma-2-9b-it_direction_ids_persona_N_activations.pt (300 instructions)
  saved /a/slurm-login-internal-home/h24/baga0553/thesis-final/slurm/study_b_output/gemma-2-9b-it_direction_ids_persona_S_activations.pt (300 instructions)
  saved /a/slurm-login-internal-home/h24/baga0553/thesis-final/slurm/study_b_output/gemma-2-9b-it_direction_ids_persona_C_activations.pt (300 instructions)
  saved /a/slurm-login-internal-home/h24/baga0553/thesis-final/slurm/study_b_output/gemma-2-9b-it_direction_ids_authority_P_activations.pt (300 instructions)
  saved /a/slurm-login-internal-home/h24/baga0553/thesis-final/slurm/study_b_output/gemma-2-9b-it_direction_ids_authority_N_activations.pt (300 instructions)
  saved /a/slurm-login-internal-home/h24/baga0553/thesis-final/slurm/study_b_output/gemma-2-9b-it_direction_ids_authority_S_activations.pt (300 instructions)
  saved /a/slurm-login-internal-home/h24/baga0553/thesis-final/slurm/study_b_output/gemma-2-9b-it_direction_ids_authority_C_activations.pt (300 instructions)
  saved /a/slurm-login-internal-home/h24/baga0553/thesis-final/slurm/study_b_output/gemma-2-9b-it_direction_ids_fictional_P_activations.pt (300 instructions)
  saved /a/slurm-login-internal-home/h24/baga0553/thesis-final/slurm/study_b_output/gemma-2-9b-it_direction_ids_fictional_N_activations.pt (300 instructions)
  saved /a/slurm-login-internal-home/h24/baga0553/thesis-final/slurm/study_b_output/gemma-2-9b-it_direction_ids_fictional_S_activations.pt (300 instructions)
  saved /a/slurm-login-internal-home/h24/baga0553/thesis-final/slurm/study_b_output/gemma-2-9b-it_direction_ids_fictional_C_activations.pt (300 instructions)
{
  "result_status": "STUDY_B_EXTRACTION_DONE",
  "model_alias": "gemma-2-9b-it",
  "ids_key": "direction_ids",
  "pilot": false,
  "n_instructions": 300,
  "n_ok": 9000,
  "n_fail": 0,
  "manifest_path": "/a/slurm-login-internal-home/h24/baga0553/thesis-final/slurm/study_b_output/gemma-2-9b-it_direction_ids_study_b_manifest.jsonl",
  "responses_path": "/a/slurm-login-internal-home/h24/baga0553/thesis-final/slurm/study_b_output/gemma-2-9b-it_direction_ids_study_b_responses.jsonl",
  "judge_path": null,
  "output_dir": "/a/slurm-login-internal-home/h24/baga0553/thesis-final/slurm/study_b_output"
}
Done: Sat 12 Sep 06:10:23 CEST 2026
